<area shape="rect" href="$a00039.html" title="vehicleform.h" alt="" coords="188,80,287,107">
<area shape="rect" href="$a00021.html" title="customerform.h" alt="" coords="311,80,423,107">
<area shape="rect" href="$a00037.html" title="transactionform.h" alt="" coords="447,80,569,107">
<area shape="rect" href="$a00015.html" title="appsettings.h" alt="" coords="732,155,831,181">
<area shape="rect" href="$a00033.html" title="reportform.h" alt="" coords="73,80,164,107">
<area shape="rect" href="$a00035.html" title="settingsform.h" alt="" coords="593,80,697,107">
<area shape="rect" href="$a00029.html" title="mainform.h" alt="" coords="772,80,857,107">
<area shape="rect" href="$a00017.html" title="arithmetictools.h" alt="" coords="1039,80,1156,107">
<area shape="rect" href="$a00023.html" title="emptydateedit.h" alt="" coords="295,155,409,181">
<area shape="rect" href="$a00025.html" title="emptytimeedit.h" alt="" coords="593,155,708,181">
<area shape="rect" href="$a00026.html" title="globaldeclarations.h" alt="" coords="433,155,569,181">
